Info: Starting: Create block symbol file (.bsf)
Info: qsys-generate C:\Users\user\Documents\2023spring\2023_dcLab\playground\LCD\src\AltPLL\AltPLL.qsys --block-symbol-file --output-directory=C:\Users\user\Documents\2023spring\2023_dcLab\playground\LCD\src\AltPLL --family="Cyclone IV E" --part=EP4CE115F29C7
Progress: Loading AltPLL/AltPLL.qsys
Progress: Reading input file
Progress: Adding altpll_0 [altpll 15.0]
Progress: Parameterizing module altpll_0
Progress: Building connections
Progress: Parameterizing connections
Progress: Validating
Progress: Done reading input file
Warning: AltPLL.altpll_0: altpll_0.areset_conduit must be exported, or connected to a matching conduit.
Warning: AltPLL.altpll_0: altpll_0.locked_conduit must be exported, or connected to a matching conduit.
Warning: AltPLL.altpll_0: altpll_0.phasedone_conduit must be exported, or connected to a matching conduit.
Warning: AltPLL.altpll_0: altpll_0.pll_slave must be connected to an Avalon-MM master
Info: ip-generate succeeded.
Info: Finished: Create block symbol file (.bsf)
Info: 
Info: Starting: Create HDL design files for synthesis
Info: qsys-generate C:\Users\user\Documents\2023spring\2023_dcLab\playground\LCD\src\AltPLL\AltPLL.qsys --synthesis=VERILOG --output-directory=C:\Users\user\Documents\2023spring\2023_dcLab\playground\LCD\src\AltPLL\synthesis --family="Cyclone IV E" --part=EP4CE115F29C7
Progress: Loading AltPLL/AltPLL.qsys
Progress: Reading input file
Progress: Adding altpll_0 [altpll 15.0]
Progress: Parameterizing module altpll_0
Progress: Building connections
Progress: Parameterizing connections
Progress: Validating
Progress: Done reading input file
Warning: AltPLL.altpll_0: altpll_0.areset_conduit must be exported, or connected to a matching conduit.
Warning: AltPLL.altpll_0: altpll_0.locked_conduit must be exported, or connected to a matching conduit.
Warning: AltPLL.altpll_0: altpll_0.phasedone_conduit must be exported, or connected to a matching conduit.
Warning: AltPLL.altpll_0: altpll_0.pll_slave must be connected to an Avalon-MM master
Info: AltPLL: Generating AltPLL "AltPLL" for QUARTUS_SYNTH
Info: altpll_0: "AltPLL" instantiated altpll "altpll_0"
Info: AltPLL: Done "AltPLL" with 2 modules, 2 files
Info: ip-generate succeeded.
Info: Finished: Create HDL design files for synthesis
